test_child_directory_open_refuses_symlink_and_path_components (__main__.AbiAndPathTests.test_child_directory_open_refuses_symlink_and_path_components) ... ok
test_libc_binding_is_typed_fixed_single_call (__main__.AbiAndPathTests.test_libc_binding_is_typed_fixed_single_call) ... ok
test_libc_error_short_long_and_missing_symbol_fail_closed (__main__.AbiAndPathTests.test_libc_error_short_long_and_missing_symbol_fail_closed) ... ok
test_production_paths_are_literal_and_root_is_refused_before_open (__main__.AbiAndPathTests.test_production_paths_are_literal_and_root_is_refused_before_open) ... ok
test_production_traversal_holds_nofollow_single_component_descriptors (__main__.AbiAndPathTests.test_production_traversal_holds_nofollow_single_component_descriptors) ... ok
test_trusted_ancestor_requires_root_and_no_special_or_write_bits (__main__.AbiAndPathTests.test_trusted_ancestor_requires_root_and_no_special_or_write_bits) ... ok
test_acl_absent_or_oversized_has_no_private_fallback (__main__.DescriptorTests.test_acl_absent_or_oversized_has_no_private_fallback) ... ok
test_acl_exact_encoding_and_entry_negatives (__main__.DescriptorTests.test_acl_exact_encoding_and_entry_negatives) ... ok
test_actual_file_symlink_hardlink_and_fifo_are_rejected (__main__.DescriptorTests.test_actual_file_symlink_hardlink_and_fifo_are_rejected) ... ok
test_directory_acl_write_or_wrong_mask_is_rejected (__main__.DescriptorTests.test_directory_acl_write_or_wrong_mask_is_rejected) ... ok
test_directory_size_and_links_are_not_pinned_to_measurement (__main__.DescriptorTests.test_directory_size_and_links_are_not_pinned_to_measurement) ... ok
test_fallback_runtime_0600_is_rejected (__main__.DescriptorTests.test_fallback_runtime_0600_is_rejected) ... ok
test_fd_metadata_races_are_rejected (__main__.DescriptorTests.test_fd_metadata_races_are_rejected) ... ok
test_generic_reader_still_rejects_observed_acl_mask_mode (__main__.DescriptorTests.test_generic_reader_still_rejects_observed_acl_mask_mode) ... ok
test_malformed_content_and_bounded_same_fd_read (__main__.DescriptorTests.test_malformed_content_and_bounded_same_fd_read) ... ok
test_mixed_layout_pairs_are_rejected (__main__.DescriptorTests.test_mixed_layout_pairs_are_rejected) ... ok
test_nonzero_owning_gid_is_safe_with_zero_group_acl (__main__.DescriptorTests.test_nonzero_owning_gid_is_safe_with_zero_group_acl) ... ok
test_observed_root_0550_and_0440_exact_acl_is_readable (__main__.DescriptorTests.test_observed_root_0550_and_0440_exact_acl_is_readable) ... ok
test_private_fallback_does_not_query_acl (__main__.DescriptorTests.test_private_fallback_does_not_query_acl) ... ok
test_real_six_entry_acl_exceeds_fixed_buffer (__main__.DescriptorTests.test_real_six_entry_acl_exceeds_fixed_buffer) ... ok
test_wrong_uid_modes_type_links_and_size_are_rejected (__main__.DescriptorTests.test_wrong_uid_modes_type_links_and_size_are_rejected) ... ok
test_check_and_run_require_literal_systemd_entry_point (__main__.EntryPointTests.test_check_and_run_require_literal_systemd_entry_point) ... ok

----------------------------------------------------------------------
Ran 22 tests in 0.027s

OK
