package: name='org.paranoid.devtext' versionCode='9' versionName='0.0.9-voice' platformBuildVersionName='15' platformBuildVersionCode='35' compileSdkVersion='35' compileSdkVersionCodename='15'
sdkVersion:'26'
targetSdkVersion:'35'
uses-permission: name='[REDACTED].permission.INTERNET'
uses-permission: name='[REDACTED].permission.ACCESS_NETWORK_STATE'
uses-permission: name='[REDACTED].permission.REQUEST_INSTALL_PACKAGES'
uses-permission: name='[REDACTED].permission.CAMERA'
uses-permission: name='[REDACTED].permission.POST_NOTIFICATIONS'
uses-permission: name='[REDACTED].permission.FOREGROUND_SERVICE'
uses-permission: name='[REDACTED].permission.FOREGROUND_SERVICE_SPECIAL_USE'
uses-permission: name='[REDACTED].permission.RECORD_AUDIO'
uses-permission: name='[REDACTED].permission.MODIFY_AUDIO_SETTINGS'
uses-permission: name='[REDACTED].permission.FOREGROUND_SERVICE_MICROPHONE'
uses-permission: name='[REDACTED].permission.WAKE_LOCK'
application: label='' icon=''
launchable-activity: name='org.paranoid.text.MainActivity'  label='' icon=''
feature-group: label=''
  uses-feature-not-required: name='[REDACTED].hardware.camera'
  uses-feature-not-required: name='[REDACTED].hardware.microphone'
  uses-feature: name='[REDACTED].hardware.faketouch'
  uses-implied-feature: name='[REDACTED].hardware.faketouch' reason='default feature for all apps'
  uses-feature: name='[REDACTED].hardware.screen.portrait'
  uses-implied-feature: name='[REDACTED].hardware.screen.portrait' reason='one or more activities have specified a portrait orientation'
main
other-activities
other-services
supports-screens: 'small' 'normal' 'large' 'xlarge'
supports-any-density: 'true'
locales:
densities:
native-code: 'arm64-v8a'


ACTUAL_EXIT=0
